[runlog] results\runs\20260809-104431_e2d

[S1] EDF header filter-setting audit
  prefiltering strings recorded in the EDF headers:

    MDD:
      [ 62 files] HP:0.5Hz LP:80Hz

    HC:
      [ 58 files] HP:0.5Hz LP:80Hz

  header filter settings are identical across groups
[load_husm] 119 recordings, 63 subjects (MDD=33, HC=30), channels=[19]
[load_husm] 1 duplicate file(s) dropped:
    6921959_H S15 EO.edf  (kept 6921143_H S15 EO.edf)
[load_husm] 7 subject(s) lack both EC and EO (kept): {'HC_012': ['EO'], 'HC_018': ['EO'], 'HC_025': ['EC'], 'MDD_012': ['EO'], 'MDD_016': ['EO'], 'MDD_004': ['EO'], 'MDD_007': ['EC']}
[load_husm] skipped 62 file(s): Counter({'TASK recording': 61, 'duplicate of an earlier file': 1})

[S2] group-average power spectrum
  33 MDD / 30 HC subjects, 1025 frequency bins (resolution 0.125 Hz)

  frequencies where the groups separate most (per-bin subject AUC):
          Hz     AUC      dir   log10 MDD/HC
        2.25   0.838   MDD>HC           0.66
        2.38   0.834   MDD>HC           0.65
        3.62   0.833   MDD>HC           0.53
        3.75   0.827   MDD>HC           0.49
       13.75   0.825   MDD>HC           0.46
        2.12   0.823   MDD>HC           0.62
       13.88   0.823   MDD>HC           0.46
       13.50   0.823   MDD>HC           0.45
        3.12   0.822   MDD>HC           0.50
        3.50   0.822   MDD>HC           0.65
       13.62   0.822   MDD>HC           0.44
       12.75   0.821   MDD>HC           0.40

  coarse band summary (median power, log10 MDD/HC):
      1-4   Hz   log10 ratio  +0.44   mean AUC 0.787
      4-8   Hz   log10 ratio  +0.32   mean AUC 0.710
      8-12  Hz   log10 ratio  +0.09   mean AUC 0.597
     12-30  Hz   log10 ratio  +0.41   mean AUC 0.776
     30-45  Hz   log10 ratio  +0.05   mean AUC 0.659
     45-55  Hz   log10 ratio  -1.46   mean AUC 0.669
     55-70  Hz   log10 ratio  +0.01   mean AUC 0.565
     70-100 Hz   log10 ratio  -0.01   mean AUC 0.537
    100-127 Hz   log10 ratio  -0.01   mean AUC 0.550

[S3] spectral edge frequency
  95% spectral edge frequency:
    MDD  q1/med/q3 = 23.5 / 26.9 / 31.1 Hz
    HC   q1/med/q3 = 21.8 / 35.2 / 50.1 Hz
    AUC 0.611 (HC>MDD)  p=1.32e-01

  A hard group difference here means different low-pass / anti-alias
  cutoffs -- an acquisition setting, not physiology.

[runlog] 19.5s  commit 1faf161  [UNCOMMITTED CHANGES]
[runlog] saved -> results\runs\20260809-104431_e2d
[runlog] WARNING: working tree is dirty, so this run is not reproducible from a commit. Commit before the next run.
